Archive member included to satisfy reference by file (symbol)

d:/microcontroller/gcc-arm/bin/../lib/gcc/arm-none-eabi/6.2.1/../../../../arm-none-eabi/lib/thumb/v7-m\libg.a(lib_a-exit.o)
                              d:/microcontroller/gcc-arm/bin/../lib/gcc/arm-none-eabi/6.2.1/../../../../arm-none-eabi/lib/thumb/v7-m/crt0.o (exit)
d:/microcontroller/gcc-arm/bin/../lib/gcc/arm-none-eabi/6.2.1/../../../../arm-none-eabi/lib/thumb/v7-m\libg.a(lib_a-impure.o)
                              d:/microcontroller/gcc-arm/bin/../lib/gcc/arm-none-eabi/6.2.1/../../../../arm-none-eabi/lib/thumb/v7-m\libg.a(lib_a-exit.o) (_global_impure_ptr)
d:/microcontroller/gcc-arm/bin/../lib/gcc/arm-none-eabi/6.2.1/../../../../arm-none-eabi/lib/thumb/v7-m\libg.a(lib_a-init.o)
                              d:/microcontroller/gcc-arm/bin/../lib/gcc/arm-none-eabi/6.2.1/../../../../arm-none-eabi/lib/thumb/v7-m/crt0.o (__libc_init_array)
d:/microcontroller/gcc-arm/bin/../lib/gcc/arm-none-eabi/6.2.1/../../../../arm-none-eabi/lib/thumb/v7-m\libg.a(lib_a-memset.o)
                              d:/microcontroller/gcc-arm/bin/../lib/gcc/arm-none-eabi/6.2.1/../../../../arm-none-eabi/lib/thumb/v7-m/crt0.o (memset)
d:/microcontroller/gcc-arm/bin/../lib/gcc/arm-none-eabi/6.2.1/../../../../arm-none-eabi/lib/thumb/v7-m\libg.a(lib_a-__call_atexit.o)
                              d:/microcontroller/gcc-arm/bin/../lib/gcc/arm-none-eabi/6.2.1/../../../../arm-none-eabi/lib/thumb/v7-m\libg.a(lib_a-exit.o) (__call_exitprocs)
d:/microcontroller/gcc-arm/bin/../lib/gcc/arm-none-eabi/6.2.1/../../../../arm-none-eabi/lib/thumb/v7-m\libg.a(lib_a-atexit.o)
                              d:/microcontroller/gcc-arm/bin/../lib/gcc/arm-none-eabi/6.2.1/../../../../arm-none-eabi/lib/thumb/v7-m\libg.a(lib_a-__call_atexit.o) (atexit)
d:/microcontroller/gcc-arm/bin/../lib/gcc/arm-none-eabi/6.2.1/../../../../arm-none-eabi/lib/thumb/v7-m\libg.a(lib_a-fini.o)
                              d:/microcontroller/gcc-arm/bin/../lib/gcc/arm-none-eabi/6.2.1/../../../../arm-none-eabi/lib/thumb/v7-m\libg.a(lib_a-__call_atexit.o) (__libc_fini_array)
d:/microcontroller/gcc-arm/bin/../lib/gcc/arm-none-eabi/6.2.1/../../../../arm-none-eabi/lib/thumb/v7-m\libg.a(lib_a-__atexit.o)
                              d:/microcontroller/gcc-arm/bin/../lib/gcc/arm-none-eabi/6.2.1/../../../../arm-none-eabi/lib/thumb/v7-m\libg.a(lib_a-atexit.o) (__register_exitproc)

Allocating common symbols
Common symbol       size              file

gStp                0x10              D:\TMP\Usr\ccod46Ki.o

Discarded input sections

 .text          0x00000000        0x0 d:/microcontroller/gcc-arm/bin/../lib/gcc/arm-none-eabi/6.2.1/thumb/v7-m/crti.o
 .data          0x00000000        0x0 d:/microcontroller/gcc-arm/bin/../lib/gcc/arm-none-eabi/6.2.1/thumb/v7-m/crti.o
 .bss           0x00000000        0x0 d:/microcontroller/gcc-arm/bin/../lib/gcc/arm-none-eabi/6.2.1/thumb/v7-m/crti.o
 .text          0x00000000       0x6c d:/microcontroller/gcc-arm/bin/../lib/gcc/arm-none-eabi/6.2.1/thumb/v7-m/crtbegin.o
 .data          0x00000000        0x4 d:/microcontroller/gcc-arm/bin/../lib/gcc/arm-none-eabi/6.2.1/thumb/v7-m/crtbegin.o
 .bss           0x00000000       0x1c d:/microcontroller/gcc-arm/bin/../lib/gcc/arm-none-eabi/6.2.1/thumb/v7-m/crtbegin.o
 .init_array    0x00000000        0x4 d:/microcontroller/gcc-arm/bin/../lib/gcc/arm-none-eabi/6.2.1/thumb/v7-m/crtbegin.o
 .fini_array    0x00000000        0x4 d:/microcontroller/gcc-arm/bin/../lib/gcc/arm-none-eabi/6.2.1/thumb/v7-m/crtbegin.o
 .eh_frame      0x00000000        0x0 d:/microcontroller/gcc-arm/bin/../lib/gcc/arm-none-eabi/6.2.1/thumb/v7-m/crtbegin.o
 .jcr           0x00000000        0x0 d:/microcontroller/gcc-arm/bin/../lib/gcc/arm-none-eabi/6.2.1/thumb/v7-m/crtbegin.o
 .ARM.attributes
                0x00000000       0x2d d:/microcontroller/gcc-arm/bin/../lib/gcc/arm-none-eabi/6.2.1/thumb/v7-m/crtbegin.o
 .text          0x00000000       0x74 d:/microcontroller/gcc-arm/bin/../lib/gcc/arm-none-eabi/6.2.1/../../../../arm-none-eabi/lib/thumb/v7-m/crt0.o
 .data          0x00000000        0x0 d:/microcontroller/gcc-arm/bin/../lib/gcc/arm-none-eabi/6.2.1/../../../../arm-none-eabi/lib/thumb/v7-m/crt0.o
 .bss           0x00000000        0x0 d:/microcontroller/gcc-arm/bin/../lib/gcc/arm-none-eabi/6.2.1/../../../../arm-none-eabi/lib/thumb/v7-m/crt0.o
 .ARM.extab     0x00000000        0x0 d:/microcontroller/gcc-arm/bin/../lib/gcc/arm-none-eabi/6.2.1/../../../../arm-none-eabi/lib/thumb/v7-m/crt0.o
 .ARM.exidx     0x00000000        0x8 d:/microcontroller/gcc-arm/bin/../lib/gcc/arm-none-eabi/6.2.1/../../../../arm-none-eabi/lib/thumb/v7-m/crt0.o
 .ARM.attributes
                0x00000000       0x1b d:/microcontroller/gcc-arm/bin/../lib/gcc/arm-none-eabi/6.2.1/../../../../arm-none-eabi/lib/thumb/v7-m/crt0.o
 .text          0x00000000        0x0 D:\TMP\Usr\ccO9E0m5.o
 .data          0x00000000        0x0 D:\TMP\Usr\ccO9E0m5.o
 .bss           0x00000000        0x0 D:\TMP\Usr\ccO9E0m5.o
 .text.MemSet   0x00000000       0x44 D:\TMP\Usr\ccO9E0m5.o
 .text.MemCopyFromPaddedBuffer
                0x00000000       0x70 D:\TMP\Usr\ccO9E0m5.o
 .text          0x00000000        0x0 D:\TMP\Usr\ccN9L357.o
 .data          0x00000000        0x0 D:\TMP\Usr\ccN9L357.o
 .bss           0x00000000        0x0 D:\TMP\Usr\ccN9L357.o
 .text.ClkGetAPB2Divider
                0x00000000       0x74 D:\TMP\Usr\ccN9L357.o
 .text          0x00000000        0x0 D:\TMP\Usr\ccqAeqoe.o
 .data          0x00000000        0x0 D:\TMP\Usr\ccqAeqoe.o
 .bss           0x00000000        0x0 D:\TMP\Usr\ccqAeqoe.o
 .text.UaDumpMem
                0x00000000       0x7c D:\TMP\Usr\ccqAeqoe.o
 .text          0x00000000        0x0 D:\TMP\Usr\ccod46Ki.o
 .bss           0x00000000        0x0 D:\TMP\Usr\ccod46Ki.o
 .text.On_EpReg4Int
                0x00000000       0x1c D:\TMP\Usr\ccod46Ki.o
 .text.On_EpReg5Int
                0x00000000       0x1c D:\TMP\Usr\ccod46Ki.o
 .text          0x00000000        0x0 D:\TMP\Usr\cce6D0Gq.o
 .data          0x00000000        0x0 D:\TMP\Usr\cce6D0Gq.o
 .text          0x00000000        0x0 D:\TMP\Usr\cckZrHVF.o
 .data          0x00000000        0x0 D:\TMP\Usr\cckZrHVF.o
 .bss           0x00000000        0x0 D:\TMP\Usr\cckZrHVF.o
 .text          0x00000000        0x0 D:\TMP\Usr\cc0C6Le0.o
 .data          0x00000000        0x0 D:\TMP\Usr\cc0C6Le0.o
 .bss           0x00000000        0x0 D:\TMP\Usr\cc0C6Le0.o
 .text          0x00000000        0x0 D:\TMP\Usr\ccox0zSl.o
 .data          0x00000000        0x0 D:\TMP\Usr\ccox0zSl.o
 .bss           0x00000000        0x0 D:\TMP\Usr\ccox0zSl.o
 .rodata        0x00000000       0x12 D:\TMP\Usr\ccox0zSl.o
 .text.On_EpReg2
                0x00000000       0x1c D:\TMP\Usr\ccox0zSl.o
 .debug_info    0x00000000       0x8b D:\TMP\Usr\ccox0zSl.o
 .debug_abbrev  0x00000000       0x66 D:\TMP\Usr\ccox0zSl.o
 .debug_aranges
                0x00000000       0x20 D:\TMP\Usr\ccox0zSl.o
 .debug_ranges  0x00000000       0x10 D:\TMP\Usr\ccox0zSl.o
 .debug_line    0x00000000       0x5d D:\TMP\Usr\ccox0zSl.o
 .debug_str     0x00000000       0xfc D:\TMP\Usr\ccox0zSl.o
 .comment       0x00000000       0x6f D:\TMP\Usr\ccox0zSl.o
 .debug_frame   0x00000000       0x2c D:\TMP\Usr\ccox0zSl.o
 .ARM.attributes
                0x00000000       0x33 D:\TMP\Usr\ccox0zSl.o
 .text          0x00000000        0x0 D:\TMP\Usr\cckFQEdL.o
 .data          0x00000000        0x0 D:\TMP\Usr\cckFQEdL.o
 .bss           0x00000000        0x0 D:\TMP\Usr\cckFQEdL.o
 .text          0x00000000        0x0 D:\TMP\Usr\ccWYlVOb.o
 .data          0x00000000        0x0 D:\TMP\Usr\ccWYlVOb.o
 .bss           0x00000000        0x0 D:\TMP\Usr\ccWYlVOb.o
 .text          0x00000000        0x0 d:/microcontroller/gcc-arm/bin/../lib/gcc/arm-none-eabi/6.2.1/../../../../arm-none-eabi/lib/thumb/v7-m\libg.a(lib_a-exit.o)
 .data          0x00000000        0x0 d:/microcontroller/gcc-arm/bin/../lib/gcc/arm-none-eabi/6.2.1/../../../../arm-none-eabi/lib/thumb/v7-m\libg.a(lib_a-exit.o)
 .bss           0x00000000        0x0 d:/microcontroller/gcc-arm/bin/../lib/gcc/arm-none-eabi/6.2.1/../../../../arm-none-eabi/lib/thumb/v7-m\libg.a(lib_a-exit.o)
 .text.exit     0x00000000       0x20 d:/microcontroller/gcc-arm/bin/../lib/gcc/arm-none-eabi/6.2.1/../../../../arm-none-eabi/lib/thumb/v7-m\libg.a(lib_a-exit.o)
 .debug_frame   0x00000000       0x28 d:/microcontroller/gcc-arm/bin/../lib/gcc/arm-none-eabi/6.2.1/../../../../arm-none-eabi/lib/thumb/v7-m\libg.a(lib_a-exit.o)
 .ARM.attributes
                0x00000000       0x2d d:/microcontroller/gcc-arm/bin/../lib/gcc/arm-none-eabi/6.2.1/../../../../arm-none-eabi/lib/thumb/v7-m\libg.a(lib_a-exit.o)
 .text          0x00000000        0x0 d:/microcontroller/gcc-arm/bin/../lib/gcc/arm-none-eabi/6.2.1/../../../../arm-none-eabi/lib/thumb/v7-m\libg.a(lib_a-impure.o)
 .data          0x00000000        0x0 d:/microcontroller/gcc-arm/bin/../lib/gcc/arm-none-eabi/6.2.1/../../../../arm-none-eabi/lib/thumb/v7-m\libg.a(lib_a-impure.o)
 .bss           0x00000000        0x0 d:/microcontroller/gcc-arm/bin/../lib/gcc/arm-none-eabi/6.2.1/../../../../arm-none-eabi/lib/thumb/v7-m\libg.a(lib_a-impure.o)
 .data._impure_ptr
                0x00000000        0x4 d:/microcontroller/gcc-arm/bin/../lib/gcc/arm-none-eabi/6.2.1/../../../../arm-none-eabi/lib/thumb/v7-m\libg.a(lib_a-impure.o)
 .data.impure_data
                0x00000000      0x428 d:/microcontroller/gcc-arm/bin/../lib/gcc/arm-none-eabi/6.2.1/../../../../arm-none-eabi/lib/thumb/v7-m\libg.a(lib_a-impure.o)
 .rodata._global_impure_ptr
                0x00000000        0x4 d:/microcontroller/gcc-arm/bin/../lib/gcc/arm-none-eabi/6.2.1/../../../../arm-none-eabi/lib/thumb/v7-m\libg.a(lib_a-impure.o)
 .ARM.attributes
                0x00000000       0x2d d:/microcontroller/gcc-arm/bin/../lib/gcc/arm-none-eabi/6.2.1/../../../../arm-none-eabi/lib/thumb/v7-m\libg.a(lib_a-impure.o)
 .text          0x00000000        0x0 d:/microcontroller/gcc-arm/bin/../lib/gcc/arm-none-eabi/6.2.1/../../../../arm-none-eabi/lib/thumb/v7-m\libg.a(lib_a-init.o)
 .data          0x00000000        0x0 d:/microcontroller/gcc-arm/bin/../lib/gcc/arm-none-eabi/6.2.1/../../../../arm-none-eabi/lib/thumb/v7-m\libg.a(lib_a-init.o)
 .bss           0x00000000        0x0 d:/microcontroller/gcc-arm/bin/../lib/gcc/arm-none-eabi/6.2.1/../../../../arm-none-eabi/lib/thumb/v7-m\libg.a(lib_a-init.o)
 .text.__libc_init_array
                0x00000000       0x50 d:/microcontroller/gcc-arm/bin/../lib/gcc/arm-none-eabi/6.2.1/../../../../arm-none-eabi/lib/thumb/v7-m\libg.a(lib_a-init.o)
 .debug_frame   0x00000000       0x2c d:/microcontroller/gcc-arm/bin/../lib/gcc/arm-none-eabi/6.2.1/../../../../arm-none-eabi/lib/thumb/v7-m\libg.a(lib_a-init.o)
 .ARM.attributes
                0x00000000       0x2d d:/microcontroller/gcc-arm/bin/../lib/gcc/arm-none-eabi/6.2.1/../../../../arm-none-eabi/lib/thumb/v7-m\libg.a(lib_a-init.o)
 .text          0x00000000        0x0 d:/microcontroller/gcc-arm/bin/../lib/gcc/arm-none-eabi/6.2.1/../../../../arm-none-eabi/lib/thumb/v7-m\libg.a(lib_a-memset.o)
 .data          0x00000000        0x0 d:/microcontroller/gcc-arm/bin/../lib/gcc/arm-none-eabi/6.2.1/../../../../arm-none-eabi/lib/thumb/v7-m\libg.a(lib_a-memset.o)
 .bss           0x00000000        0x0 d:/microcontroller/gcc-arm/bin/../lib/gcc/arm-none-eabi/6.2.1/../../../../arm-none-eabi/lib/thumb/v7-m\libg.a(lib_a-memset.o)
 .text.memset   0x00000000       0x9c d:/microcontroller/gcc-arm/bin/../lib/gcc/arm-none-eabi/6.2.1/../../../../arm-none-eabi/lib/thumb/v7-m\libg.a(lib_a-memset.o)
 .debug_frame   0x00000000       0x34 d:/microcontroller/gcc-arm/bin/../lib/gcc/arm-none-eabi/6.2.1/../../../../arm-none-eabi/lib/thumb/v7-m\libg.a(lib_a-memset.o)
 .ARM.attributes
                0x00000000       0x2d d:/microcontroller/gcc-arm/bin/../lib/gcc/arm-none-eabi/6.2.1/../../../../arm-none-eabi/lib/thumb/v7-m\libg.a(lib_a-memset.o)
 .text          0x00000000        0x0 d:/microcontroller/gcc-arm/bin/../lib/gcc/arm-none-eabi/6.2.1/../../../../arm-none-eabi/lib/thumb/v7-m\libg.a(lib_a-__call_atexit.o)
 .data          0x00000000        0x0 d:/microcontroller/gcc-arm/bin/../lib/gcc/arm-none-eabi/6.2.1/../../../../arm-none-eabi/lib/thumb/v7-m\libg.a(lib_a-__call_atexit.o)
 .bss           0x00000000        0x0 d:/microcontroller/gcc-arm/bin/../lib/gcc/arm-none-eabi/6.2.1/../../../../arm-none-eabi/lib/thumb/v7-m\libg.a(lib_a-__call_atexit.o)
 .text.startup.register_fini
                0x00000000       0x14 d:/microcontroller/gcc-arm/bin/../lib/gcc/arm-none-eabi/6.2.1/../../../../arm-none-eabi/lib/thumb/v7-m\libg.a(lib_a-__call_atexit.o)
 .init_array.00000
                0x00000000        0x4 d:/microcontroller/gcc-arm/bin/../lib/gcc/arm-none-eabi/6.2.1/../../../../arm-none-eabi/lib/thumb/v7-m\libg.a(lib_a-__call_atexit.o)
 .text.__call_exitprocs
                0x00000000       0xd4 d:/microcontroller/gcc-arm/bin/../lib/gcc/arm-none-eabi/6.2.1/../../../../arm-none-eabi/lib/thumb/v7-m\libg.a(lib_a-__call_atexit.o)
 .debug_frame   0x00000000       0x50 d:/microcontroller/gcc-arm/bin/../lib/gcc/arm-none-eabi/6.2.1/../../../../arm-none-eabi/lib/thumb/v7-m\libg.a(lib_a-__call_atexit.o)
 .ARM.attributes
                0x00000000       0x2d d:/microcontroller/gcc-arm/bin/../lib/gcc/arm-none-eabi/6.2.1/../../../../arm-none-eabi/lib/thumb/v7-m\libg.a(lib_a-__call_atexit.o)
 .text          0x00000000        0x0 d:/microcontroller/gcc-arm/bin/../lib/gcc/arm-none-eabi/6.2.1/../../../../arm-none-eabi/lib/thumb/v7-m\libg.a(lib_a-atexit.o)
 .data          0x00000000        0x0 d:/microcontroller/gcc-arm/bin/../lib/gcc/arm-none-eabi/6.2.1/../../../../arm-none-eabi/lib/thumb/v7-m\libg.a(lib_a-atexit.o)
 .bss           0x00000000        0x0 d:/microcontroller/gcc-arm/bin/../lib/gcc/arm-none-eabi/6.2.1/../../../../arm-none-eabi/lib/thumb/v7-m\libg.a(lib_a-atexit.o)
 .text.atexit   0x00000000        0xc d:/microcontroller/gcc-arm/bin/../lib/gcc/arm-none-eabi/6.2.1/../../../../arm-none-eabi/lib/thumb/v7-m\libg.a(lib_a-atexit.o)
 .debug_frame   0x00000000       0x20 d:/microcontroller/gcc-arm/bin/../lib/gcc/arm-none-eabi/6.2.1/../../../../arm-none-eabi/lib/thumb/v7-m\libg.a(lib_a-atexit.o)
 .ARM.attributes
                0x00000000       0x2d d:/microcontroller/gcc-arm/bin/../lib/gcc/arm-none-eabi/6.2.1/../../../../arm-none-eabi/lib/thumb/v7-m\libg.a(lib_a-atexit.o)
 .text          0x00000000        0x0 d:/microcontroller/gcc-arm/bin/../lib/gcc/arm-none-eabi/6.2.1/../../../../arm-none-eabi/lib/thumb/v7-m\libg.a(lib_a-fini.o)
 .data          0x00000000        0x0 d:/microcontroller/gcc-arm/bin/../lib/gcc/arm-none-eabi/6.2.1/../../../../arm-none-eabi/lib/thumb/v7-m\libg.a(lib_a-fini.o)
 .bss           0x00000000        0x0 d:/microcontroller/gcc-arm/bin/../lib/gcc/arm-none-eabi/6.2.1/../../../../arm-none-eabi/lib/thumb/v7-m\libg.a(lib_a-fini.o)
 .text.__libc_fini_array
                0x00000000       0x34 d:/microcontroller/gcc-arm/bin/../lib/gcc/arm-none-eabi/6.2.1/../../../../arm-none-eabi/lib/thumb/v7-m\libg.a(lib_a-fini.o)
 .debug_frame   0x00000000       0x34 d:/microcontroller/gcc-arm/bin/../lib/gcc/arm-none-eabi/6.2.1/../../../../arm-none-eabi/lib/thumb/v7-m\libg.a(lib_a-fini.o)
 .ARM.attributes
                0x00000000       0x2d d:/microcontroller/gcc-arm/bin/../lib/gcc/arm-none-eabi/6.2.1/../../../../arm-none-eabi/lib/thumb/v7-m\libg.a(lib_a-fini.o)
 .text          0x00000000        0x0 d:/microcontroller/gcc-arm/bin/../lib/gcc/arm-none-eabi/6.2.1/../../../../arm-none-eabi/lib/thumb/v7-m\libg.a(lib_a-__atexit.o)
 .data          0x00000000        0x0 d:/microcontroller/gcc-arm/bin/../lib/gcc/arm-none-eabi/6.2.1/../../../../arm-none-eabi/lib/thumb/v7-m\libg.a(lib_a-__atexit.o)
 .bss           0x00000000        0x0 d:/microcontroller/gcc-arm/bin/../lib/gcc/arm-none-eabi/6.2.1/../../../../arm-none-eabi/lib/thumb/v7-m\libg.a(lib_a-__atexit.o)
 .text.__register_exitproc
                0x00000000       0xac d:/microcontroller/gcc-arm/bin/../lib/gcc/arm-none-eabi/6.2.1/../../../../arm-none-eabi/lib/thumb/v7-m\libg.a(lib_a-__atexit.o)
 .debug_frame   0x00000000       0x34 d:/microcontroller/gcc-arm/bin/../lib/gcc/arm-none-eabi/6.2.1/../../../../arm-none-eabi/lib/thumb/v7-m\libg.a(lib_a-__atexit.o)
 .ARM.attributes
                0x00000000       0x2d d:/microcontroller/gcc-arm/bin/../lib/gcc/arm-none-eabi/6.2.1/../../../../arm-none-eabi/lib/thumb/v7-m\libg.a(lib_a-__atexit.o)
 .text          0x00000000        0x0 d:/microcontroller/gcc-arm/bin/../lib/gcc/arm-none-eabi/6.2.1/thumb/v7-m/crtend.o
 .data          0x00000000        0x0 d:/microcontroller/gcc-arm/bin/../lib/gcc/arm-none-eabi/6.2.1/thumb/v7-m/crtend.o
 .bss           0x00000000        0x0 d:/microcontroller/gcc-arm/bin/../lib/gcc/arm-none-eabi/6.2.1/thumb/v7-m/crtend.o
 .eh_frame      0x00000000        0x4 d:/microcontroller/gcc-arm/bin/../lib/gcc/arm-none-eabi/6.2.1/thumb/v7-m/crtend.o
 .jcr           0x00000000        0x4 d:/microcontroller/gcc-arm/bin/../lib/gcc/arm-none-eabi/6.2.1/thumb/v7-m/crtend.o
 .ARM.attributes
                0x00000000       0x2d d:/microcontroller/gcc-arm/bin/../lib/gcc/arm-none-eabi/6.2.1/thumb/v7-m/crtend.o
 .text          0x00000000        0x0 d:/microcontroller/gcc-arm/bin/../lib/gcc/arm-none-eabi/6.2.1/thumb/v7-m/crtn.o
 .data          0x00000000        0x0 d:/microcontroller/gcc-arm/bin/../lib/gcc/arm-none-eabi/6.2.1/thumb/v7-m/crtn.o
 .bss           0x00000000        0x0 d:/microcontroller/gcc-arm/bin/../lib/gcc/arm-none-eabi/6.2.1/thumb/v7-m/crtn.o
 .init          0x00000000        0x8 d:/microcontroller/gcc-arm/bin/../lib/gcc/arm-none-eabi/6.2.1/thumb/v7-m/crtn.o
 .fini          0x00000000        0x8 d:/microcontroller/gcc-arm/bin/../lib/gcc/arm-none-eabi/6.2.1/thumb/v7-m/crtn.o
 .ARM.attributes
                0x00000000       0x1d d:/microcontroller/gcc-arm/bin/../lib/gcc/arm-none-eabi/6.2.1/thumb/v7-m/crtn.o

Memory Configuration

Name             Origin             Length             Attributes
FLASH            0x00000000         0x00010000         xr
SRAM             0x20000000         0x00005000         xrw
*default*        0x00000000         0xffffffff

Linker script and memory map

LOAD d:/microcontroller/gcc-arm/bin/../lib/gcc/arm-none-eabi/6.2.1/thumb/v7-m/crti.o
LOAD d:/microcontroller/gcc-arm/bin/../lib/gcc/arm-none-eabi/6.2.1/thumb/v7-m/crtbegin.o
LOAD d:/microcontroller/gcc-arm/bin/../lib/gcc/arm-none-eabi/6.2.1/../../../../arm-none-eabi/lib/thumb/v7-m/crt0.o

.text           0x00000000     0x1f98
 *(.eisr_vector .eisr_vector.*)
 .eisr_vector   0x00000000        0x8 D:\TMP\Usr\ccWYlVOb.o
                0x00000000                gHandlers
 *(.text .text.*)
 .text.MemCopy  0x00000008       0x4e D:\TMP\Usr\ccO9E0m5.o
                0x00000008                MemCopy
 .text.MemCopyToPaddedBuffer
                0x00000056       0x6e D:\TMP\Usr\ccO9E0m5.o
                0x00000056                MemCopyToPaddedBuffer
 .text.ClkGetPllMul
                0x000000c4       0xd8 D:\TMP\Usr\ccN9L357.o
                0x000000c4                ClkGetPllMul
 .text.ClkGetAHBDivider
                0x0000019c       0xb0 D:\TMP\Usr\ccN9L357.o
                0x0000019c                ClkGetAHBDivider
 .text.ClkGetAPB1Devider
                0x0000024c       0x74 D:\TMP\Usr\ccN9L357.o
                0x0000024c                ClkGetAPB1Devider
 .text.ClkSetSysClkToMaxSpeed
                0x000002c0      0x108 D:\TMP\Usr\ccN9L357.o
                0x000002c0                ClkSetSysClkToMaxSpeed
 .text.ClkGetSysClk
                0x000003c8       0xa4 D:\TMP\Usr\ccN9L357.o
                0x000003c8                ClkGetSysClk
 .text.UaInit   0x0000046c       0xf4 D:\TMP\Usr\ccqAeqoe.o
                0x0000046c                UaInit
 .text.UaWriteChar
                0x00000560       0x30 D:\TMP\Usr\ccqAeqoe.o
                0x00000560                UaWriteChar
 .text.UaWriteString
                0x00000590       0x44 D:\TMP\Usr\ccqAeqoe.o
                0x00000590                UaWriteString
 .text.UaWriteNum
                0x000005d4       0xcc D:\TMP\Usr\ccqAeqoe.o
                0x000005d4                UaWriteNum
 .text.UaWriteShort
                0x000006a0       0x88 D:\TMP\Usr\ccqAeqoe.o
                0x000006a0                UaWriteShort
 .text.UaWriteHex
                0x00000728       0x88 D:\TMP\Usr\ccqAeqoe.o
                0x00000728                UaWriteHex
 .text.UaWriteByte
                0x000007b0       0x64 D:\TMP\Usr\ccqAeqoe.o
                0x000007b0                UaWriteByte
 .text.UaPrintf
                0x00000814      0x250 D:\TMP\Usr\ccqAeqoe.o
                0x00000814                UaPrintf
 .text.On_CorrectTransInt
                0x00000a64       0xc0 D:\TMP\Usr\ccod46Ki.o
                0x00000a64                On_CorrectTransInt
 .text.On_PackMemOvrUndRunInt
                0x00000b24       0x1c D:\TMP\Usr\ccod46Ki.o
                0x00000b24                On_PackMemOvrUndRunInt
 .text.On_ErrorInt
                0x00000b40       0x1c D:\TMP\Usr\ccod46Ki.o
                0x00000b40                On_ErrorInt
 .text.On_StartOfFrameInt
                0x00000b5c       0x24 D:\TMP\Usr\ccod46Ki.o
                0x00000b5c                On_StartOfFrameInt
 .text.On_ExpectStartOfFrameInt
                0x00000b80       0x24 D:\TMP\Usr\ccod46Ki.o
                0x00000b80                On_ExpectStartOfFrameInt
 .text.On_SuspendInt
                0x00000ba4       0x34 D:\TMP\Usr\ccod46Ki.o
                0x00000ba4                On_SuspendInt
 .text.On_BusReset
                0x00000bd8       0xb8 D:\TMP\Usr\ccod46Ki.o
                0x00000bd8                On_BusReset
 .text.On_WakeUpInt
                0x00000c90       0x34 D:\TMP\Usr\ccod46Ki.o
                0x00000c90                On_WakeUpInt
 .text.On_StpInt
                0x00000cc4       0x84 D:\TMP\Usr\ccod46Ki.o
                0x00000cc4                On_StpInt
 .text.On_EpReg0Int
                0x00000d48       0x70 D:\TMP\Usr\ccod46Ki.o
                0x00000d48                On_EpReg0Int
 .text.On_EpReg1Int
                0x00000db8       0x70 D:\TMP\Usr\ccod46Ki.o
                0x00000db8                On_EpReg1Int
 .text.On_EpReg2Int
                0x00000e28       0x1c D:\TMP\Usr\ccod46Ki.o
                0x00000e28                On_EpReg2Int
 .text.On_EpReg3Int
                0x00000e44       0x1c D:\TMP\Usr\ccod46Ki.o
                0x00000e44                On_EpReg3Int
 .text.On_Stp_Std_GetStat
                0x00000e60       0x1c D:\TMP\Usr\cce6D0Gq.o
                0x00000e60                On_Stp_Std_GetStat
 .text.On_Stp_Std_ClrFeat
                0x00000e7c       0x1c D:\TMP\Usr\cce6D0Gq.o
                0x00000e7c                On_Stp_Std_ClrFeat
 .text.On_Stp_Std_SetFeat
                0x00000e98       0x1c D:\TMP\Usr\cce6D0Gq.o
                0x00000e98                On_Stp_Std_SetFeat
 .text.On_Stp_Std_SetAddr
                0x00000eb4       0x3c D:\TMP\Usr\cce6D0Gq.o
                0x00000eb4                On_Stp_Std_SetAddr
 .text.On_Stp_Std_GetDesc_Dev
                0x00000ef0       0x68 D:\TMP\Usr\cce6D0Gq.o
                0x00000ef0                On_Stp_Std_GetDesc_Dev
 .text.On_Stp_Std_GetDesc_Config
                0x00000f58       0xac D:\TMP\Usr\cce6D0Gq.o
                0x00000f58                On_Stp_Std_GetDesc_Config
 .text.On_Stp_Std_GetDesc_String
                0x00001004      0x108 D:\TMP\Usr\cce6D0Gq.o
                0x00001004                On_Stp_Std_GetDesc_String
 .text.On_Stp_Std_GetDesc_Intf
                0x0000110c       0x1c D:\TMP\Usr\cce6D0Gq.o
                0x0000110c                On_Stp_Std_GetDesc_Intf
 .text.On_Stp_Std_GetDesc_EndPoint
                0x00001128       0x1c D:\TMP\Usr\cce6D0Gq.o
                0x00001128                On_Stp_Std_GetDesc_EndPoint
 .text.On_Stp_Std_GetDesc_DevQlfy
                0x00001144       0x38 D:\TMP\Usr\cce6D0Gq.o
                0x00001144                On_Stp_Std_GetDesc_DevQlfy
 .text.On_Stp_Std_GetDesc_OthSpeedCfg
                0x0000117c       0x1c D:\TMP\Usr\cce6D0Gq.o
                0x0000117c                On_Stp_Std_GetDesc_OthSpeedCfg
 .text.On_Stp_Std_GetDesc_IntfPwr
                0x00001198       0x1c D:\TMP\Usr\cce6D0Gq.o
                0x00001198                On_Stp_Std_GetDesc_IntfPwr
 .text.On_Stp_Std_GetDesc_Otg
                0x000011b4       0x1c D:\TMP\Usr\cce6D0Gq.o
                0x000011b4                On_Stp_Std_GetDesc_Otg
 .text.On_Stp_Std_GetDesc_Debug
                0x000011d0       0x1c D:\TMP\Usr\cce6D0Gq.o
                0x000011d0                On_Stp_Std_GetDesc_Debug
 .text.On_Stp_Std_GetDesc_IntfAssoc
                0x000011ec       0x1c D:\TMP\Usr\cce6D0Gq.o
                0x000011ec                On_Stp_Std_GetDesc_IntfAssoc
 .text.On_Stp_Std_GetDesc
                0x00001208       0xd0 D:\TMP\Usr\cce6D0Gq.o
                0x00001208                On_Stp_Std_GetDesc
 .text.On_Stp_Std_SetDesc
                0x000012d8       0x1c D:\TMP\Usr\cce6D0Gq.o
                0x000012d8                On_Stp_Std_SetDesc
 .text.On_Stp_Std_GetConfig
                0x000012f4       0x1c D:\TMP\Usr\cce6D0Gq.o
                0x000012f4                On_Stp_Std_GetConfig
 .text.On_Stp_Std_SetConfig
                0x00001310       0x40 D:\TMP\Usr\cce6D0Gq.o
                0x00001310                On_Stp_Std_SetConfig
 .text.On_Stp_Std_GetIntf
                0x00001350       0x1c D:\TMP\Usr\cce6D0Gq.o
                0x00001350                On_Stp_Std_GetIntf
 .text.On_Stp_Std_SetIntf
                0x0000136c       0x1c D:\TMP\Usr\cce6D0Gq.o
                0x0000136c                On_Stp_Std_SetIntf
 .text.On_Stp_Std_SyncFrame
                0x00001388       0x1c D:\TMP\Usr\cce6D0Gq.o
                0x00001388                On_Stp_Std_SyncFrame
 .text.On_Stp_StdReq
                0x000013a4       0xc4 D:\TMP\Usr\cce6D0Gq.o
                0x000013a4                On_Stp_StdReq
 .text.On_Stp_ClsReq
                0x00001468       0x1c D:\TMP\Usr\cce6D0Gq.o
                0x00001468                On_Stp_ClsReq
 .text.On_Stp_VendReq
                0x00001484       0x1c D:\TMP\Usr\cce6D0Gq.o
                0x00001484                On_Stp_VendReq
 .text.On_Stp_RsvdReq
                0x000014a0       0x1c D:\TMP\Usr\cce6D0Gq.o
                0x000014a0                On_Stp_RsvdReq
 .text.On_EpReg0_Std_GetStat
                0x000014bc       0x1c D:\TMP\Usr\cckZrHVF.o
                0x000014bc                On_EpReg0_Std_GetStat
 .text.On_EpReg0_Std_ClrFeat
                0x000014d8       0x1c D:\TMP\Usr\cckZrHVF.o
                0x000014d8                On_EpReg0_Std_ClrFeat
 .text.On_EpReg0_Std_SetFeat
                0x000014f4       0x1c D:\TMP\Usr\cckZrHVF.o
                0x000014f4                On_EpReg0_Std_SetFeat
 .text.On_EpReg0_Std_SetAddr
                0x00001510       0x44 D:\TMP\Usr\cckZrHVF.o
                0x00001510                On_EpReg0_Std_SetAddr
 .text.On_EpReg0_Std_GetDesc_Dev
                0x00001554       0x44 D:\TMP\Usr\cckZrHVF.o
                0x00001554                On_EpReg0_Std_GetDesc_Dev
 .text.On_EpReg0_Std_GetDesc_Config
                0x00001598       0x44 D:\TMP\Usr\cckZrHVF.o
                0x00001598                On_EpReg0_Std_GetDesc_Config
 .text.On_EpReg0_Std_GetDesc_String
                0x000015dc       0x44 D:\TMP\Usr\cckZrHVF.o
                0x000015dc                On_EpReg0_Std_GetDesc_String
 .text.On_EpReg0_Std_GetDesc_Intf
                0x00001620       0x1c D:\TMP\Usr\cckZrHVF.o
                0x00001620                On_EpReg0_Std_GetDesc_Intf
 .text.On_EpReg0_Std_GetDesc_EndPoint
                0x0000163c       0x1c D:\TMP\Usr\cckZrHVF.o
                0x0000163c                On_EpReg0_Std_GetDesc_EndPoint
 .text.On_EpReg0_Std_GetDesc_DevQlfy
                0x00001658       0x18 D:\TMP\Usr\cckZrHVF.o
                0x00001658                On_EpReg0_Std_GetDesc_DevQlfy
 .text.On_EpReg0_Std_GetDesc_OthSpeedCfg
                0x00001670       0x1c D:\TMP\Usr\cckZrHVF.o
                0x00001670                On_EpReg0_Std_GetDesc_OthSpeedCfg
 .text.On_EpReg0_Std_GetDesc_IntfPwr
                0x0000168c       0x1c D:\TMP\Usr\cckZrHVF.o
                0x0000168c                On_EpReg0_Std_GetDesc_IntfPwr
 .text.On_EpReg0_Std_GetDesc_Otg
                0x000016a8       0x1c D:\TMP\Usr\cckZrHVF.o
                0x000016a8                On_EpReg0_Std_GetDesc_Otg
 .text.On_EpReg0_Std_GetDesc_Debug
                0x000016c4       0x1c D:\TMP\Usr\cckZrHVF.o
                0x000016c4                On_EpReg0_Std_GetDesc_Debug
 .text.On_EpReg0_Std_GetDesc_IntfAssoc
                0x000016e0       0x1c D:\TMP\Usr\cckZrHVF.o
                0x000016e0                On_EpReg0_Std_GetDesc_IntfAssoc
 .text.On_EpReg0_Std_GetDesc
                0x000016fc       0xc0 D:\TMP\Usr\cckZrHVF.o
                0x000016fc                On_EpReg0_Std_GetDesc
 .text.On_EpReg0_Std_SetDesc
                0x000017bc       0x1c D:\TMP\Usr\cckZrHVF.o
                0x000017bc                On_EpReg0_Std_SetDesc
 .text.On_EpReg0_Std_GetConfig
                0x000017d8       0x1c D:\TMP\Usr\cckZrHVF.o
                0x000017d8                On_EpReg0_Std_GetConfig
 .text.On_EpReg0_Std_SetConfig
                0x000017f4       0x24 D:\TMP\Usr\cckZrHVF.o
                0x000017f4                On_EpReg0_Std_SetConfig
 .text.On_EpReg0_Std_GetIntf
                0x00001818       0x1c D:\TMP\Usr\cckZrHVF.o
                0x00001818                On_EpReg0_Std_GetIntf
 .text.On_EpReg0_Std_SetIntf
                0x00001834       0x1c D:\TMP\Usr\cckZrHVF.o
                0x00001834                On_EpReg0_Std_SetIntf
 .text.On_EpReg0_Std_SyncFrame
                0x00001850       0x1c D:\TMP\Usr\cckZrHVF.o
                0x00001850                On_EpReg0_Std_SyncFrame
 .text.On_EpReg0_StdReq
                0x0000186c       0xc4 D:\TMP\Usr\cckZrHVF.o
                0x0000186c                On_EpReg0_StdReq
 .text.On_EpReg0_ClsReq
                0x00001930       0x1c D:\TMP\Usr\cckZrHVF.o
                0x00001930                On_EpReg0_ClsReq
 .text.On_EpReg0_VendReq
                0x0000194c       0x1c D:\TMP\Usr\cckZrHVF.o
                0x0000194c                On_EpReg0_VendReq
 .text.On_EpReg0_RsvdReq
                0x00001968       0x1c D:\TMP\Usr\cckZrHVF.o
                0x00001968                On_EpReg0_RsvdReq
 .text.On_EpReg1_Std_GetStat
                0x00001984       0x1c D:\TMP\Usr\cc0C6Le0.o
                0x00001984                On_EpReg1_Std_GetStat
 .text.On_EpReg1_Std_ClrFeat
                0x000019a0       0x1c D:\TMP\Usr\cc0C6Le0.o
                0x000019a0                On_EpReg1_Std_ClrFeat
 .text.On_EpReg1_Std_SetFeat
                0x000019bc       0x1c D:\TMP\Usr\cc0C6Le0.o
                0x000019bc                On_EpReg1_Std_SetFeat
 .text.On_EpReg1_Std_SetAddr
                0x000019d8       0x1c D:\TMP\Usr\cc0C6Le0.o
                0x000019d8                On_EpReg1_Std_SetAddr
 .text.On_EpReg1_Std_GetDesc_Dev
                0x000019f4       0x1c D:\TMP\Usr\cc0C6Le0.o
                0x000019f4                On_EpReg1_Std_GetDesc_Dev
 .text.On_EpReg1_Std_GetDesc_Config
                0x00001a10       0x18 D:\TMP\Usr\cc0C6Le0.o
                0x00001a10                On_EpReg1_Std_GetDesc_Config
 .text.On_EpReg1_Std_GetDesc_String
                0x00001a28       0x18 D:\TMP\Usr\cc0C6Le0.o
                0x00001a28                On_EpReg1_Std_GetDesc_String
 .text.On_EpReg1_Std_GetDesc_Intf
                0x00001a40       0x1c D:\TMP\Usr\cc0C6Le0.o
                0x00001a40                On_EpReg1_Std_GetDesc_Intf
 .text.On_EpReg1_Std_GetDesc_EndPoint
                0x00001a5c       0x1c D:\TMP\Usr\cc0C6Le0.o
                0x00001a5c                On_EpReg1_Std_GetDesc_EndPoint
 .text.On_EpReg1_Std_GetDesc_DevQlfy
                0x00001a78       0x18 D:\TMP\Usr\cc0C6Le0.o
                0x00001a78                On_EpReg1_Std_GetDesc_DevQlfy
 .text.On_EpReg1_Std_GetDesc_OthSpeedCfg
                0x00001a90       0x1c D:\TMP\Usr\cc0C6Le0.o
                0x00001a90                On_EpReg1_Std_GetDesc_OthSpeedCfg
 .text.On_EpReg1_Std_GetDesc_IntfPwr
                0x00001aac       0x1c D:\TMP\Usr\cc0C6Le0.o
                0x00001aac                On_EpReg1_Std_GetDesc_IntfPwr
 .text.On_EpReg1_Std_GetDesc_Otg
                0x00001ac8       0x1c D:\TMP\Usr\cc0C6Le0.o
                0x00001ac8                On_EpReg1_Std_GetDesc_Otg
 .text.On_EpReg1_Std_GetDesc_Debug
                0x00001ae4       0x1c D:\TMP\Usr\cc0C6Le0.o
                0x00001ae4                On_EpReg1_Std_GetDesc_Debug
 .text.On_EpReg1_Std_GetDesc_IntfAssoc
                0x00001b00       0x1c D:\TMP\Usr\cc0C6Le0.o
                0x00001b00                On_EpReg1_Std_GetDesc_IntfAssoc
 .text.On_EpReg1_Std_GetDesc
                0x00001b1c       0xc0 D:\TMP\Usr\cc0C6Le0.o
                0x00001b1c                On_EpReg1_Std_GetDesc
 .text.On_EpReg1_Std_SetDesc
                0x00001bdc       0x1c D:\TMP\Usr\cc0C6Le0.o
                0x00001bdc                On_EpReg1_Std_SetDesc
 .text.On_EpReg1_Std_GetConfig
                0x00001bf8       0x1c D:\TMP\Usr\cc0C6Le0.o
                0x00001bf8                On_EpReg1_Std_GetConfig
 .text.On_EpReg1_Std_SetConfig
                0x00001c14       0x18 D:\TMP\Usr\cc0C6Le0.o
                0x00001c14                On_EpReg1_Std_SetConfig
 .text.On_EpReg1_Std_GetIntf
                0x00001c2c       0x1c D:\TMP\Usr\cc0C6Le0.o
                0x00001c2c                On_EpReg1_Std_GetIntf
 .text.On_EpReg1_Std_SetIntf
                0x00001c48       0x1c D:\TMP\Usr\cc0C6Le0.o
                0x00001c48                On_EpReg1_Std_SetIntf
 .text.On_EpReg1_Std_SyncFrame
                0x00001c64       0x1c D:\TMP\Usr\cc0C6Le0.o
                0x00001c64                On_EpReg1_Std_SyncFrame
 .text.On_EpReg1_StdReq
                0x00001c80       0xbc D:\TMP\Usr\cc0C6Le0.o
                0x00001c80                On_EpReg1_StdReq
 .text.On_EpReg1_ClsReq
                0x00001d3c       0x1c D:\TMP\Usr\cc0C6Le0.o
                0x00001d3c                On_EpReg1_ClsReq
 .text.On_EpReg1_VendReq
                0x00001d58       0x1c D:\TMP\Usr\cc0C6Le0.o
                0x00001d58                On_EpReg1_VendReq
 .text.On_EpReg1_RsvdReq
                0x00001d74       0x1c D:\TMP\Usr\cc0C6Le0.o
                0x00001d74                On_EpReg1_RsvdReq
 .text.Spin     0x00001d90       0x1e D:\TMP\Usr\ccWYlVOb.o
                0x00001d90                Spin
 *fill*         0x00001dae        0x2 
 .text.InitUsbCtrl
                0x00001db0       0xd8 D:\TMP\Usr\ccWYlVOb.o
                0x00001db0                InitUsbCtrl
 .text.MainLoop
                0x00001e88       0xb4 D:\TMP\Usr\ccWYlVOb.o
                0x00001e88                MainLoop
 .text.ResetHandler
                0x00001f3c       0x5c D:\TMP\Usr\ccWYlVOb.o
                0x00001f3c                ResetHandler

.glue_7         0x00001f98        0x0
 .glue_7        0x00001f98        0x0 linker stubs

.glue_7t        0x00001f98        0x0
 .glue_7t       0x00001f98        0x0 linker stubs

.vfp11_veneer   0x00001f98        0x0
 .vfp11_veneer  0x00001f98        0x0 linker stubs

.v4_bx          0x00001f98        0x0
 .v4_bx         0x00001f98        0x0 linker stubs

.init           0x00001f98        0x4
 .init          0x00001f98        0x4 d:/microcontroller/gcc-arm/bin/../lib/gcc/arm-none-eabi/6.2.1/thumb/v7-m/crti.o
                0x00001f98                _init

.fini           0x00001f9c        0x4
 .fini          0x00001f9c        0x4 d:/microcontroller/gcc-arm/bin/../lib/gcc/arm-none-eabi/6.2.1/thumb/v7-m/crti.o
                0x00001f9c                _fini

.rodata         0x00001fa0      0xce1
 .rodata        0x00001fa0       0x3b D:\TMP\Usr\ccqAeqoe.o
 *fill*         0x00001fdb        0x1 
 .rodata        0x00001fdc      0x191 D:\TMP\Usr\ccod46Ki.o
 *fill*         0x0000216d        0x3 
 .rodata        0x00002170      0x353 D:\TMP\Usr\cce6D0Gq.o
 *fill*         0x000024c3        0x1 
 .rodata        0x000024c4      0x32e D:\TMP\Usr\cckZrHVF.o
 *fill*         0x000027f2        0x2 
 .rodata        0x000027f4      0x316 D:\TMP\Usr\cc0C6Le0.o
 *fill*         0x00002b0a        0x2 
 .rodata        0x00002b0c       0x76 D:\TMP\Usr\cckFQEdL.o
                0x00002b0c                gDevDesc
                0x00002b20                gCfgDesc
                0x00002b44                gLangId
                0x00002b48                gMfcStr
                0x00002b58                gProdStr
                0x00002b70                gSerStr
 *fill*         0x00002b82        0x2 
 .rodata        0x00002b84       0xfd D:\TMP\Usr\ccWYlVOb.o

.iplt           0x00002c84        0x0
 .iplt          0x00002c84        0x0 d:/microcontroller/gcc-arm/bin/../lib/gcc/arm-none-eabi/6.2.1/thumb/v7-m/crtbegin.o

.igot.plt       0x00002c84        0x0
 .igot.plt      0x00002c84        0x0 d:/microcontroller/gcc-arm/bin/../lib/gcc/arm-none-eabi/6.2.1/thumb/v7-m/crtbegin.o

.data           0x00002c84        0x4
 .data          0x00002c84        0x4 D:\TMP\Usr\ccod46Ki.o
                0x00002c84                gpStp

.rel.dyn        0x00002c88        0x0
 .rel.iplt      0x00002c88        0x0 d:/microcontroller/gcc-arm/bin/../lib/gcc/arm-none-eabi/6.2.1/thumb/v7-m/crtbegin.o

.bss            0x20000000       0x14
 *(.bss .bss.*)
 .bss           0x20000000        0x4 D:\TMP\Usr\cce6D0Gq.o
                0x20000000                gpEp0Buf
 COMMON         0x20000004       0x10 D:\TMP\Usr\ccod46Ki.o
                0x20000004                gStp
LOAD D:\TMP\Usr\ccO9E0m5.o
LOAD D:\TMP\Usr\ccN9L357.o
LOAD D:\TMP\Usr\ccqAeqoe.o
LOAD D:\TMP\Usr\ccod46Ki.o
LOAD D:\TMP\Usr\cce6D0Gq.o
LOAD D:\TMP\Usr\cckZrHVF.o
LOAD D:\TMP\Usr\cc0C6Le0.o
LOAD D:\TMP\Usr\ccox0zSl.o
LOAD D:\TMP\Usr\cckFQEdL.o
LOAD D:\TMP\Usr\ccWYlVOb.o
START GROUP
LOAD d:/microcontroller/gcc-arm/bin/../lib/gcc/arm-none-eabi/6.2.1/thumb/v7-m\libgcc.a
LOAD d:/microcontroller/gcc-arm/bin/../lib/gcc/arm-none-eabi/6.2.1/../../../../arm-none-eabi/lib/thumb/v7-m\libg.a
LOAD d:/microcontroller/gcc-arm/bin/../lib/gcc/arm-none-eabi/6.2.1/../../../../arm-none-eabi/lib/thumb/v7-m\libc.a
END GROUP
LOAD d:/microcontroller/gcc-arm/bin/../lib/gcc/arm-none-eabi/6.2.1/thumb/v7-m/crtend.o
LOAD d:/microcontroller/gcc-arm/bin/../lib/gcc/arm-none-eabi/6.2.1/thumb/v7-m/crtn.o
OUTPUT(D:\Microcontroller\GenHid_05\Stm32f103_GenHid_05\Bin\Stm32f103_GenHid_05.elf elf32-littlearm)

.ARM.attributes
                0x00000000       0x29
 .ARM.attributes
                0x00000000       0x1d d:/microcontroller/gcc-arm/bin/../lib/gcc/arm-none-eabi/6.2.1/thumb/v7-m/crti.o
 .ARM.attributes
                0x0000001d       0x33 D:\TMP\Usr\ccO9E0m5.o
 .ARM.attributes
                0x00000050       0x33 D:\TMP\Usr\ccN9L357.o
 .ARM.attributes
                0x00000083       0x33 D:\TMP\Usr\ccqAeqoe.o
 .ARM.attributes
                0x000000b6       0x33 D:\TMP\Usr\ccod46Ki.o
 .ARM.attributes
                0x000000e9       0x33 D:\TMP\Usr\cce6D0Gq.o
 .ARM.attributes
                0x0000011c       0x33 D:\TMP\Usr\cckZrHVF.o
 .ARM.attributes
                0x0000014f       0x33 D:\TMP\Usr\cc0C6Le0.o
 .ARM.attributes
                0x00000182       0x33 D:\TMP\Usr\cckFQEdL.o
 .ARM.attributes
                0x000001b5       0x33 D:\TMP\Usr\ccWYlVOb.o

.comment        0x00000000       0x6e
 .comment       0x00000000       0x6e D:\TMP\Usr\ccO9E0m5.o
                                 0x6f (size before relaxing)
 .comment       0x0000006e       0x6f D:\TMP\Usr\ccN9L357.o
 .comment       0x0000006e       0x6f D:\TMP\Usr\ccqAeqoe.o
 .comment       0x0000006e       0x6f D:\TMP\Usr\ccod46Ki.o
 .comment       0x0000006e       0x6f D:\TMP\Usr\cce6D0Gq.o
 .comment       0x0000006e       0x6f D:\TMP\Usr\cckZrHVF.o
 .comment       0x0000006e       0x6f D:\TMP\Usr\cc0C6Le0.o
 .comment       0x0000006e       0x6f D:\TMP\Usr\cckFQEdL.o
 .comment       0x0000006e       0x6f D:\TMP\Usr\ccWYlVOb.o

.debug_info     0x00000000     0x21fd
 .debug_info    0x00000000      0x1e1 D:\TMP\Usr\ccO9E0m5.o
 .debug_info    0x000001e1      0x1cf D:\TMP\Usr\ccN9L357.o
 .debug_info    0x000003b0      0x3e6 D:\TMP\Usr\ccqAeqoe.o
 .debug_info    0x00000796      0x479 D:\TMP\Usr\ccod46Ki.o
 .debug_info    0x00000c0f      0x77a D:\TMP\Usr\cce6D0Gq.o
 .debug_info    0x00001389      0x600 D:\TMP\Usr\cckZrHVF.o
 .debug_info    0x00001989      0x5ec D:\TMP\Usr\cc0C6Le0.o
 .debug_info    0x00001f75      0x123 D:\TMP\Usr\cckFQEdL.o
 .debug_info    0x00002098      0x165 D:\TMP\Usr\ccWYlVOb.o

.debug_abbrev   0x00000000      0x79b
 .debug_abbrev  0x00000000       0x8e D:\TMP\Usr\ccO9E0m5.o
 .debug_abbrev  0x0000008e       0xc6 D:\TMP\Usr\ccN9L357.o
 .debug_abbrev  0x00000154      0x13f D:\TMP\Usr\ccqAeqoe.o
 .debug_abbrev  0x00000293      0x106 D:\TMP\Usr\ccod46Ki.o
 .debug_abbrev  0x00000399      0x10d D:\TMP\Usr\cce6D0Gq.o
 .debug_abbrev  0x000004a6       0xe8 D:\TMP\Usr\cckZrHVF.o
 .debug_abbrev  0x0000058e       0xe8 D:\TMP\Usr\cc0C6Le0.o
 .debug_abbrev  0x00000676       0x5b D:\TMP\Usr\cckFQEdL.o
 .debug_abbrev  0x000006d1       0xca D:\TMP\Usr\ccWYlVOb.o

.debug_aranges  0x00000000      0x478
 .debug_aranges
                0x00000000       0x38 D:\TMP\Usr\ccO9E0m5.o
 .debug_aranges
                0x00000038       0x48 D:\TMP\Usr\ccN9L357.o
 .debug_aranges
                0x00000080       0x60 D:\TMP\Usr\ccqAeqoe.o
 .debug_aranges
                0x000000e0       0x90 D:\TMP\Usr\ccod46Ki.o
 .debug_aranges
                0x00000170       0xe8 D:\TMP\Usr\cce6D0Gq.o
 .debug_aranges
                0x00000258       0xe8 D:\TMP\Usr\cckZrHVF.o
 .debug_aranges
                0x00000340       0xe8 D:\TMP\Usr\cc0C6Le0.o
 .debug_aranges
                0x00000428       0x18 D:\TMP\Usr\cckFQEdL.o
 .debug_aranges
                0x00000440       0x38 D:\TMP\Usr\ccWYlVOb.o

.debug_ranges   0x00000000      0x3e0
 .debug_ranges  0x00000000       0x28 D:\TMP\Usr\ccO9E0m5.o
 .debug_ranges  0x00000028       0x38 D:\TMP\Usr\ccN9L357.o
 .debug_ranges  0x00000060       0x50 D:\TMP\Usr\ccqAeqoe.o
 .debug_ranges  0x000000b0       0x80 D:\TMP\Usr\ccod46Ki.o
 .debug_ranges  0x00000130       0xd8 D:\TMP\Usr\cce6D0Gq.o
 .debug_ranges  0x00000208       0xd8 D:\TMP\Usr\cckZrHVF.o
 .debug_ranges  0x000002e0       0xd8 D:\TMP\Usr\cc0C6Le0.o
 .debug_ranges  0x000003b8       0x28 D:\TMP\Usr\ccWYlVOb.o

.debug_line     0x00000000     0x10c7
 .debug_line    0x00000000      0x122 D:\TMP\Usr\ccO9E0m5.o
 .debug_line    0x00000122      0x164 D:\TMP\Usr\ccN9L357.o
 .debug_line    0x00000286      0x270 D:\TMP\Usr\ccqAeqoe.o
 .debug_line    0x000004f6      0x1f6 D:\TMP\Usr\ccod46Ki.o
 .debug_line    0x000006ec      0x310 D:\TMP\Usr\cce6D0Gq.o
 .debug_line    0x000009fc      0x2be D:\TMP\Usr\cckZrHVF.o
 .debug_line    0x00000cba      0x2a2 D:\TMP\Usr\cc0C6Le0.o
 .debug_line    0x00000f5c       0x7a D:\TMP\Usr\cckFQEdL.o
 .debug_line    0x00000fd6       0xf1 D:\TMP\Usr\ccWYlVOb.o

.debug_str      0x00000000      0xe9a
 .debug_str     0x00000000      0x164 D:\TMP\Usr\ccO9E0m5.o
                                0x17b (size before relaxing)
 .debug_str     0x00000164       0xdf D:\TMP\Usr\ccN9L357.o
                                0x1a4 (size before relaxing)
 .debug_str     0x00000243      0x15e D:\TMP\Usr\ccqAeqoe.o
                                0x24e (size before relaxing)
 .debug_str     0x000003a1      0x1a8 D:\TMP\Usr\ccod46Ki.o
                                0x293 (size before relaxing)
 .debug_str     0x00000549      0x365 D:\TMP\Usr\cce6D0Gq.o
                                0x4e6 (size before relaxing)
 .debug_str     0x000008ae      0x2ad D:\TMP\Usr\cckZrHVF.o
                                0x408 (size before relaxing)
 .debug_str     0x00000b5b      0x2ad D:\TMP\Usr\cc0C6Le0.o
                                0x3fb (size before relaxing)
 .debug_str     0x00000e08       0x2c D:\TMP\Usr\cckFQEdL.o
                                0x11f (size before relaxing)
 .debug_str     0x00000e34       0x66 D:\TMP\Usr\ccWYlVOb.o
                                0x146 (size before relaxing)

.debug_frame    0x00000000      0xe7c
 .debug_frame   0x00000000       0xb0 D:\TMP\Usr\ccO9E0m5.o
 .debug_frame   0x000000b0       0xfc D:\TMP\Usr\ccN9L357.o
 .debug_frame   0x000001ac      0x184 D:\TMP\Usr\ccqAeqoe.o
 .debug_frame   0x00000330      0x1d4 D:\TMP\Usr\ccod46Ki.o
 .debug_frame   0x00000504      0x300 D:\TMP\Usr\cce6D0Gq.o
 .debug_frame   0x00000804      0x2f0 D:\TMP\Usr\cckZrHVF.o
 .debug_frame   0x00000af4      0x2f0 D:\TMP\Usr\cc0C6Le0.o
 .debug_frame   0x00000de4       0x98 D:\TMP\Usr\ccWYlVOb.o
